AR uart_rx behavioral D:/GIT/Pracs_Microprocesadores/VHDL/UART/UART_RX.vhd sub00/vhpl03 1562573057
AR uart behavioral D:/GIT/Pracs_Microprocesadores/VHDL/UART/UART.vhd sub00/vhpl01 1562574534
AR uart_tx behavioral D:/GIT/Pracs_Microprocesadores/VHDL/UART/UART_TX.vhd sub00/vhpl05 1562317816
EN uart NULL D:/GIT/Pracs_Microprocesadores/VHDL/UART/UART.vhd sub00/vhpl00 1562574533
EN uart_rx NULL D:/GIT/Pracs_Microprocesadores/VHDL/UART/UART_RX.vhd sub00/vhpl02 1562573056
EN uart_tx NULL D:/GIT/Pracs_Microprocesadores/VHDL/UART/UART_TX.vhd sub00/vhpl04 1562317815
