AR uart_rx behavioral D:/GIT/Pracs_Microprocesadores/VHDL/UART/UART_RX.vhd sub00/vhpl03 1562236204
AR uart behavioral D:/GIT/Pracs_Microprocesadores/VHDL/UART/UART.vhd sub00/vhpl01 1562231003
EN uart NULL D:/GIT/Pracs_Microprocesadores/VHDL/UART/UART.vhd sub00/vhpl00 1562231002
EN uart_rx NULL D:/GIT/Pracs_Microprocesadores/VHDL/UART/UART_RX.vhd sub00/vhpl02 1562236203
