Release 14.7 - xst P.20131013 (nt64)
Copyright (c) 1995-2013 Xilinx, Inc.  All rights reserved.
--> Parameter TMPDIR set to xst/projnav.tmp


Total REAL time to Xst completion: 0.00 secs
Total CPU time to Xst completion: 0.13 secs
 
--> Parameter xsthdpdir set to xst


Total REAL time to Xst completion: 0.00 secs
Total CPU time to Xst completion: 0.13 secs
 
--> Reading design: ALU.prj

TABLE OF CONTENTS
  1) Synthesis Options Summary
  2) HDL Compilation
  3) Design Hierarchy Analysis
  4) HDL Analysis
  5) HDL Synthesis
     5.1) HDL Synthesis Report
  6) Advanced HDL Synthesis
     6.1) Advanced HDL Synthesis Report
  7) Low Level Synthesis
  8) Partition Report
  9) Final Report
	9.1) Device utilization summary
	9.2) Partition Resource Summary
	9.3) TIMING REPORT


=========================================================================
*                      Synthesis Options Summary                        *
=========================================================================
---- Source Parameters
Input File Name                    : "ALU.prj"
Input Format                       : mixed
Ignore Synthesis Constraint File   : NO

---- Target Parameters
Output File Name                   : "ALU"
Output Format                      : NGC
Target Device                      : xc3s50-4-tq144

---- Source Options
Top Module Name                    : ALU
Automatic FSM Extraction           : YES
FSM Encoding Algorithm             : Auto
Safe Implementation                : No
FSM Style                          : LUT
RAM Extraction                     : Yes
RAM Style                          : Auto
ROM Extraction                     : Yes
Mux Style                          : Auto
Decoder Extraction                 : YES
Priority Encoder Extraction        : Yes
Shift Register Extraction          : YES
Logical Shifter Extraction         : YES
XOR Collapsing                     : YES
ROM Style                          : Auto
Mux Extraction                     : Yes
Resource Sharing                   : YES
Asynchronous To Synchronous        : NO
Multiplier Style                   : Auto
Automatic Register Balancing       : No

---- Target Options
Add IO Buffers                     : YES
Global Maximum Fanout              : 100000
Add Generic Clock Buffer(BUFG)     : 8
Register Duplication               : YES
Slice Packing                      : YES
Optimize Instantiated Primitives   : NO
Use Clock Enable                   : Yes
Use Synchronous Set                : Yes
Use Synchronous Reset              : Yes
Pack IO Registers into IOBs        : Auto
Equivalent register Removal        : YES

---- General Options
Optimization Goal                  : Speed
Optimization Effort                : 1
Keep Hierarchy                     : No
Netlist Hierarchy                  : As_Optimized
RTL Output                         : Yes
Global Optimization                : AllClockNets
Read Cores                         : YES
Write Timing Constraints           : NO
Cross Clock Analysis               : NO
Hierarchy Separator                : /
Bus Delimiter                      : <>
Case Specifier                     : Maintain
Slice Utilization Ratio            : 100
BRAM Utilization Ratio             : 100
Verilog 2001                       : YES
Auto BRAM Packing                  : NO
Slice Utilization Ratio Delta      : 5

=========================================================================


=========================================================================
*                          HDL Compilation                              *
=========================================================================
Compiling vhdl file "D:/GIT/Pracs_Microprocesadores/VHDL/Practica2/ALU.vhd" in Library work.
Entity <alu> compiled.
Entity <alu> (Architecture <behavioral>) compiled.

=========================================================================
*                     Design Hierarchy Analysis                         *
=========================================================================
Analyzing hierarchy for entity <ALU> in library <work> (architecture <behavioral>).


=========================================================================
*                            HDL Analysis                               *
=========================================================================
Analyzing Entity <ALU> in library <work> (Architecture <behavioral>).
Entity <ALU> analyzed. Unit <ALU> generated.


=========================================================================
*                           HDL Synthesis                               *
=========================================================================

Performing bidirectional port resolution...

Synthesizing Unit <ALU>.
    Related source file is "D:/GIT/Pracs_Microprocesadores/VHDL/Practica2/ALU.vhd".
WARNING:Xst:1306 - Output <RESULTADO> is never assigned.
WARNING:Xst:1306 - Output <SIGNO> is never assigned.
WARNING:Xst:1306 - Output <CERO> is never assigned.
WARNING:Xst:646 - Signal <SALIDA_ALU<8>> is assigned but never used. This unconnected signal will be trimmed during the optimization process.
    Found 32x2-bit ROM for signal <TipoOP>.
    Found 8-bit register for signal <LEDs>.
    Found 2-bit register for signal <TipoOP_out>.
    Found 9-bit register for signal <DatoA>.
    Found 9-bit register for signal <DatoB>.
    Found 5-bit register for signal <OP>.
    Found 9-bit addsub for signal <SALIDA_ALU$addsub0000>.
    Found 8-bit comparator greater for signal <SALIDA_ALU$cmp_gt0000> created at line 159.
    Found 9-bit xor2 for signal <SALIDA_ALU$xor0000> created at line 127.
    Found 1-bit xor2 for signal <SALIDA_ALU$xor0001> created at line 157.
    Summary:
	inferred   1 ROM(s).
	inferred  33 D-type flip-flop(s).
	inferred   1 Adder/Subtractor(s).
	inferred   1 Comparator(s).
Unit <ALU> synthesized.

INFO:Xst:1767 - HDL ADVISOR - Resource sharing has identified that some arithmetic operations in this design can share the same physical resources for reduced device utilization. For improved clock frequency you may try to disable resource sharing.

=========================================================================
HDL Synthesis Report

Macro Statistics
# ROMs                                                 : 1
 32x2-bit ROM                                          : 1
# Adders/Subtractors                                   : 1
 9-bit addsub                                          : 1
# Registers                                            : 5
 2-bit register                                        : 1
 5-bit register                                        : 1
 8-bit register                                        : 1
 9-bit register                                        : 2
# Comparators                                          : 1
 8-bit comparator greater                              : 1
# Xors                                                 : 2
 1-bit xor2                                            : 1
 9-bit xor2                                            : 1

=========================================================================

=========================================================================
*                       Advanced HDL Synthesis                          *
=========================================================================


=========================================================================
Advanced HDL Synthesis Report

Macro Statistics
# ROMs                                                 : 1
 32x2-bit ROM                                          : 1
# Adders/Subtractors                                   : 1
 9-bit addsub                                          : 1
# Registers                                            : 33
 Flip-Flops                                            : 33
# Comparators                                          : 1
 8-bit comparator greater                              : 1
# Xors                                                 : 2
 1-bit xor2                                            : 1
 9-bit xor2                                            : 1

=========================================================================

=========================================================================
*                         Low Level Synthesis                           *
=========================================================================
INFO:Xst:2261 - The FF/Latch <DatoB_7> in Unit <ALU> is equivalent to the following FF/Latch, which will be removed : <DatoB_8> 
INFO:Xst:2261 - The FF/Latch <DatoA_7> in Unit <ALU> is equivalent to the following FF/Latch, which will be removed : <DatoA_8> 

Optimizing unit <ALU> ...

Mapping all equations...
Building and optimizing final netlist ...
Found area constraint ratio of 100 (+ 5) on block ALU, actual ratio is 10.
FlipFlop OP_0 has been replicated 2 time(s)
INFO:Xst:1843 - HDL ADVISOR - FlipFlop OP_0 connected to a primary input has been replicated
FlipFlop OP_1 has been replicated 2 time(s)
INFO:Xst:1843 - HDL ADVISOR - FlipFlop OP_1 connected to a primary input has been replicated
FlipFlop OP_2 has been replicated 2 time(s)
INFO:Xst:1843 - HDL ADVISOR - FlipFlop OP_2 connected to a primary input has been replicated
FlipFlop OP_3 has been replicated 2 time(s)
INFO:Xst:1843 - HDL ADVISOR - FlipFlop OP_3 connected to a primary input has been replicated
FlipFlop OP_4 has been replicated 1 time(s)
INFO:Xst:1843 - HDL ADVISOR - FlipFlop OP_4 connected to a primary input has been replicated
FlipFlop DatoB_7 has been replicated 2 time(s) to handle iob=true attribute.
FlipFlop DatoB_6 has been replicated 1 time(s) to handle iob=true attribute.
FlipFlop DatoB_5 has been replicated 1 time(s) to handle iob=true attribute.
FlipFlop DatoB_4 has been replicated 1 time(s) to handle iob=true attribute.
FlipFlop DatoB_3 has been replicated 1 time(s) to handle iob=true attribute.
FlipFlop DatoB_2 has been replicated 1 time(s) to handle iob=true attribute.
FlipFlop DatoB_1 has been replicated 1 time(s) to handle iob=true attribute.
FlipFlop DatoB_0 has been replicated 1 time(s) to handle iob=true attribute.
FlipFlop DatoA_7 has been replicated 2 time(s) to handle iob=true attribute.
FlipFlop DatoA_6 has been replicated 1 time(s) to handle iob=true attribute.
FlipFlop DatoA_5 has been replicated 1 time(s) to handle iob=true attribute.
FlipFlop DatoA_4 has been replicated 1 time(s) to handle iob=true attribute.
FlipFlop DatoA_3 has been replicated 1 time(s) to handle iob=true attribute.
FlipFlop DatoA_2 has been replicated 1 time(s) to handle iob=true attribute.
FlipFlop DatoA_1 has been replicated 1 time(s) to handle iob=true attribute.
FlipFlop DatoA_0 has been replicated 1 time(s) to handle iob=true attribute.

Final Macro Processing ...

=========================================================================
Final Register Report

Macro Statistics
# Registers                                            : 58
 Flip-Flops                                            : 58

=========================================================================

=========================================================================
*                           Partition Report                            *
=========================================================================

Partition Implementation Status
-------------------------------

  No Partitions were found in this design.

-------------------------------

=========================================================================
*                            Final Report                               *
=========================================================================
Final Results
RTL Top Level Output File Name     : ALU.ngr
Top Level Output File Name         : ALU
Output Format                      : NGC
Optimization Goal                  : Speed
Keep Hierarchy                     : No

Design Statistics
# IOs                              : 62

Cell Usage :
# BELS                             : 170
#      GND                         : 1
#      LUT2                        : 14
#      LUT2_D                      : 3
#      LUT2_L                      : 1
#      LUT3                        : 4
#      LUT3_D                      : 3
#      LUT3_L                      : 2
#      LUT4                        : 86
#      LUT4_D                      : 5
#      LUT4_L                      : 16
#      MUXCY                       : 15
#      MUXF5                       : 11
#      VCC                         : 1
#      XORCY                       : 8
# FlipFlops/Latches                : 58
#      FD                          : 2
#      FDC                         : 48
#      FDE                         : 8
# Clock Buffers                    : 1
#      BUFGP                       : 1
# IO Buffers                       : 50
#      IBUF                        : 22
#      OBUF                        : 28
=========================================================================

Device utilization summary:
---------------------------

Selected Device : 3s50tq144-4 

 Number of Slices:                       70  out of    768     9%  
 Number of Slice Flip Flops:             40  out of   1536     2%  
 Number of 4 input LUTs:                134  out of   1536     8%  
 Number of IOs:                          62
 Number of bonded IOBs:                  51  out of     97    52%  
    IOB Flip Flops:                      18
 Number of GCLKs:                         1  out of      8    12%  

---------------------------
Partition Resource Summary:
---------------------------

  No Partitions were found in this design.

---------------------------


=========================================================================
TIMING REPORT

NOTE: THESE TIMING NUMBERS ARE ONLY A SYNTHESIS ESTIMATE.
      FOR ACCURATE TIMING INFORMATION PLEASE REFER TO THE TRACE REPORT
      GENERATED AFTER PLACE-and-ROUTE.

Clock Information:
------------------
-----------------------------------+------------------------+-------+
Clock Signal                       | Clock buffer(FF name)  | Load  |
-----------------------------------+------------------------+-------+
clk                                | BUFGP                  | 58    |
-----------------------------------+------------------------+-------+

Asynchronous Control Signals Information:
----------------------------------------
-----------------------------------+------------------------+-------+
Control Signal                     | Buffer(FF name)        | Load  |
-----------------------------------+------------------------+-------+
reset                              | IBUF                   | 48    |
-----------------------------------+------------------------+-------+

Timing Summary:
---------------
Speed Grade: -4

   Minimum period: 10.552ns (Maximum Frequency: 94.769MHz)
   Minimum input arrival time before clock: 1.931ns
   Maximum output required time after clock: 7.165ns
   Maximum combinational path delay: No path found

Timing Detail:
--------------
All values displayed in nanoseconds (ns)

=========================================================================
Timing constraint: Default period analysis for Clock 'clk'
  Clock period: 10.552ns (frequency: 94.769MHz)
  Total number of paths / destination ports: 2426 / 18
-------------------------------------------------------------------------
Delay:               10.552ns (Levels of Logic = 13)
  Source:            OP_1_1 (FF)
  Destination:       LEDs_7 (FF)
  Source Clock:      clk rising
  Destination Clock: clk rising

  Data Path: OP_1_1 to LEDs_7
                                Gate     Net
    Cell:in->out      fanout   Delay   Delay  Logical Name (Net Name)
    ----------------------------------------  ------------
     FDC:C->Q              2   0.720   1.216  OP_1_1 (OP_1_1)
     LUT3_D:I0->O          2   0.551   0.903  SALIDA_ALU_mux0006<0>2_SW0 (N17)
     LUT4:I3->O            1   0.551   0.869  SALIDA_ALU_mux0006<1>1 (SALIDA_ALU_mux0006<1>)
     LUT4:I2->O            1   0.551   0.000  Maddsub_SALIDA_ALU_addsub0000_lut<1> (Maddsub_SALIDA_ALU_addsub0000_lut<1>)
     MUXCY:S->O            1   0.500   0.000  Maddsub_SALIDA_ALU_addsub0000_cy<1> (Maddsub_SALIDA_ALU_addsub0000_cy<1>)
     MUXCY:CI->O           1   0.064   0.000  Maddsub_SALIDA_ALU_addsub0000_cy<2> (Maddsub_SALIDA_ALU_addsub0000_cy<2>)
     MUXCY:CI->O           1   0.064   0.000  Maddsub_SALIDA_ALU_addsub0000_cy<3> (Maddsub_SALIDA_ALU_addsub0000_cy<3>)
     MUXCY:CI->O           1   0.064   0.000  Maddsub_SALIDA_ALU_addsub0000_cy<4> (Maddsub_SALIDA_ALU_addsub0000_cy<4>)
     MUXCY:CI->O           1   0.064   0.000  Maddsub_SALIDA_ALU_addsub0000_cy<5> (Maddsub_SALIDA_ALU_addsub0000_cy<5>)
     MUXCY:CI->O           0   0.064   0.000  Maddsub_SALIDA_ALU_addsub0000_cy<6> (Maddsub_SALIDA_ALU_addsub0000_cy<6>)
     XORCY:CI->O           3   0.904   0.933  Maddsub_SALIDA_ALU_addsub0000_xor<7> (SALIDA_ALU_addsub0000<7>)
     LUT4:I3->O            1   0.551   0.869  SALIDA_ALU<7>122 (SALIDA_ALU<7>122)
     LUT4:I2->O            1   0.551   0.000  SALIDA_ALU<7>285_G (N48)
     MUXF5:I1->O           1   0.360   0.000  SALIDA_ALU<7>285 (SALIDA_ALU<7>)
     FDE:D                     0.203          LEDs_7
    ----------------------------------------
    Total                     10.552ns (5.762ns logic, 4.790ns route)
                                       (54.6% logic, 45.4% route)

=========================================================================
Timing constraint: Default OFFSET IN BEFORE for Clock 'clk'
  Total number of paths / destination ports: 48 / 48
-------------------------------------------------------------------------
Offset:              1.931ns (Levels of Logic = 1)
  Source:            OP_in<0> (PAD)
  Destination:       OP_0 (FF)
  Destination Clock: clk rising

  Data Path: OP_in<0> to OP_0
                                Gate     Net
    Cell:in->out      fanout   Delay   Delay  Logical Name (Net Name)
    ----------------------------------------  ------------
     IBUF:I->O             3   0.821   0.907  OP_in_0_IBUF (OP_in_0_IBUF)
     FDC:D                     0.203          OP_0
    ----------------------------------------
    Total                      1.931ns (1.024ns logic, 0.907ns route)
                                       (53.0% logic, 47.0% route)

=========================================================================
Timing constraint: Default OFFSET OUT AFTER for Clock 'clk'
  Total number of paths / destination ports: 28 / 28
-------------------------------------------------------------------------
Offset:              7.165ns (Levels of Logic = 1)
  Source:            DatoB_7_1 (FF)
  Destination:       B_out<8> (PAD)
  Source Clock:      clk rising

  Data Path: DatoB_7_1 to B_out<8>
                                Gate     Net
    Cell:in->out      fanout   Delay   Delay  Logical Name (Net Name)
    ----------------------------------------  ------------
     FDC:C->Q              1   0.720   0.801  DatoB_7_1 (DatoB_7_1)
     OBUF:I->O                 5.644          B_out_8_OBUF (B_out<8>)
    ----------------------------------------
    Total                      7.165ns (6.364ns logic, 0.801ns route)
                                       (88.8% logic, 11.2% route)

=========================================================================


Total REAL time to Xst completion: 5.00 secs
Total CPU time to Xst completion: 5.85 secs
 
--> 

Total memory usage is 4550444 kilobytes

Number of errors   :    0 (   0 filtered)
Number of warnings :    4 (   0 filtered)
Number of infos    :    8 (   0 filtered)

